<?xml version="1.0" encoding="UTF-8"?>
<testng-results ignored="0" total="4" passed="4" failed="0" skipped="0">
  <reporter-output>
  </reporter-output>
  <suite started-at="2024-01-27T13:59:16 IST" name="Test case suite e-commerce application" finished-at="2024-01-27T13:59:34 IST" duration-ms="17885">
    <groups>
      <group name="API">
        <method signature="testCase_API_01.testCase01()[pri:0, instance:qtriptest.APITests.testCase_API_01@710636b0]" name="testCase01" class="qtriptest.APITests.testCase_API_01"/>
        <method signature="testCase_API_02.testCase02()[pri:0, instance:qtriptest.APITests.testCase_API_02@6f204a1a]" name="testCase02" class="qtriptest.APITests.testCase_API_02"/>
        <method signature="testCase_API_03.testCase03()[pri:0, instance:qtriptest.APITests.testCase_API_03@2de56eb2]" name="testCase03" class="qtriptest.APITests.testCase_API_03"/>
        <method signature="testCase_API_04.testCase04()[pri:0, instance:qtriptest.APITests.testCase_API_04@5f8e8a9d]" name="testCase04" class="qtriptest.APITests.testCase_API_04"/>
      </group> <!-- API -->
    </groups>
    <test started-at="2024-01-27T13:59:16 IST" name="Test case execution on Chrome browser" finished-at="2024-01-27T13:59:34 IST" duration-ms="17885">
      <class name="qtriptest.APITests.testCase_API_01">
        <test-method signature="testCase01()[pri:0, instance:qtriptest.APITests.testCase_API_01@710636b0]" started-at="2024-01-27T13:59:16 IST" name="testCase01" finished-at="2024-01-27T13:59:23 IST" duration-ms="7269" status="PASS">
          <reporter-output>
          </reporter-output>
        </test-method> <!-- testCase01 -->
      </class> <!-- qtriptest.APITests.testCase_API_01 -->
      <class name="qtriptest.APITests.testCase_API_02">
        <test-method signature="testCase02()[pri:0, instance:qtriptest.APITests.testCase_API_02@6f204a1a]" started-at="2024-01-27T13:59:23 IST" name="testCase02" finished-at="2024-01-27T13:59:26 IST" duration-ms="2189" status="PASS">
          <reporter-output>
          </reporter-output>
        </test-method> <!-- testCase02 -->
      </class> <!-- qtriptest.APITests.testCase_API_02 -->
      <class name="qtriptest.APITests.testCase_API_03">
        <test-method signature="testCase03()[pri:0, instance:qtriptest.APITests.testCase_API_03@2de56eb2]" started-at="2024-01-27T13:59:26 IST" name="testCase03" finished-at="2024-01-27T13:59:31 IST" duration-ms="5956" status="PASS">
          <reporter-output>
          </reporter-output>
        </test-method> <!-- testCase03 -->
      </class> <!-- qtriptest.APITests.testCase_API_03 -->
      <class name="qtriptest.APITests.testCase_API_04">
        <test-method signature="testCase04()[pri:0, instance:qtriptest.APITests.testCase_API_04@5f8e8a9d]" started-at="2024-01-27T13:59:31 IST" name="testCase04" finished-at="2024-01-27T13:59:34 IST" duration-ms="2352" status="PASS">
          <reporter-output>
          </reporter-output>
        </test-method> <!-- testCase04 -->
      </class> <!-- qtriptest.APITests.testCase_API_04 -->
    </test> <!-- Test case execution on Chrome browser -->
  </suite> <!-- Test case suite e-commerce application -->
</testng-results>
